
> creativa__backend@1.0.0 test
> node --experimental-vm-modules node_modules/jest/bin/jest.js src/test/auth.controller.test.js

  console.log
    --> Update Profile Request: { firstName: 'Juan', lastName: undefined }

      at AuthController.log [as updateProfile] (src/controllers/auth.controller.js:290:21)

  console.error
    Excepci├│n en updateProfile: TypeError: supabase.schema(...).from(...).update(...).eq is not a function
        at AuthController.eq [as updateProfile] (C:\Users\Pasante\Documents\Creativa\Creativa__Backend\src\controllers\auth.controller.js:316:18)
        at Object.updateProfile (C:\Users\Pasante\Documents\Creativa\Creativa__Backend\src\test\auth.controller.test.js:181:34)
        at Promise.finally.completed (C:\Users\Pasante\Documents\Creativa\Creativa__Backend\node_modules\jest-circus\build\jestAdapterInit.js:1557:28)
        at new Promise (<anonymous>)
        at callAsyncCircusFn (C:\Users\Pasante\Documents\Creativa\Creativa__Backend\node_modules\jest-circus\build\jestAdapterInit.js:1497:10)
        at _callCircusTest (C:\Users\Pasante\Documents\Creativa\Creativa__Backend\node_modules\jest-circus\build\jestAdapterInit.js:1007:40)
        at _runTest (C:\Users\Pasante\Documents\Creativa\Creativa__Backend\node_modules\jest-circus\build\jestAdapterInit.js:947:3)
        at C:\Users\Pasante\Documents\Creativa\Creativa__Backend\node_modules\jest-circus\build\jestAdapterInit.js:849:7
        at _runTestsForDescribeBlock (C:\Users\Pasante\Documents\Creativa\Creativa__Backend\node_modules\jest-circus\build\jestAdapterInit.js:862:11)
        at _runTestsForDescribeBlock (C:\Users\Pasante\Documents\Creativa\Creativa__Backend\node_modules\jest-circus\build\jestAdapterInit.js:857:11)
        at _runTestsForDescribeBlock (C:\Users\Pasante\Documents\Creativa\Creativa__Backend\node_modules\jest-circus\build\jestAdapterInit.js:857:11)
        at run (C:\Users\Pasante\Documents\Creativa\Creativa__Backend\node_modules\jest-circus\build\jestAdapterInit.js:761:3)
        at runAndTransformResultsToJestFormat (C:\Users\Pasante\Documents\Creativa\Creativa__Backend\node_modules\jest-circus\build\jestAdapterInit.js:1918:21)
        at jestAdapter (C:\Users\Pasante\Documents\Creativa\Creativa__Backend\node_modules\jest-circus\build\runner.js:101:19)
        at runTestInternal (C:\Users\Pasante\Documents\Creativa\Creativa__Backend\node_modules\jest-runner\build\index.js:275:16)
        at runTest (C:\Users\Pasante\Documents\Creativa\Creativa__Backend\node_modules\jest-runner\build\index.js:343:7)

    [0m [90m 344 |[39m
     [90m 345 |[39m         } [36mcatch[39m (error) {
    [31m[1m>[22m[39m[90m 346 |[39m             console[33m.[39merror([32m"Excepci├│n en updateProfile:"[39m[33m,[39m error)[33m;[39m
     [90m     |[39m                     [31m[1m^[22m[39m
     [90m 347 |[39m             res[33m.[39mstatusCode [33m=[39m [35m500[39m[33m;[39m
     [90m 348 |[39m             [36mreturn[39m res[33m.[39mjson({ error[33m:[39m [32m"Error interno del servidor"[39m })[33m;[39m
     [90m 349 |[39m         }[0m

      at AuthController.error [as updateProfile] (src/controllers/auth.controller.js:346:21)
      at Object.updateProfile (src/test/auth.controller.test.js:181:34)

  console.log
    --> Update Profile Request: { firstName: undefined, lastName: undefined }

      at AuthController.log [as updateProfile] (src/controllers/auth.controller.js:290:21)

  console.error
    Excepci├│n en changeUserRole: TypeError: supabase.schema(...).from(...).update(...).eq is not a function
        at AuthController.eq [as changeUserRole] (C:\Users\Pasante\Documents\Creativa\Creativa__Backend\src\controllers\auth.controller.js:392:18)
        at Object.<anonymous> (C:\Users\Pasante\Documents\Creativa\Creativa__Backend\src\test\auth.controller.test.js:203:13)

    [0m [90m 406 |[39m
     [90m 407 |[39m         } [36mcatch[39m (error) {
    [31m[1m>[22m[39m[90m 408 |[39m             console[33m.[39merror([32m"Excepci├│n en changeUserRole:"[39m[33m,[39m error)[33m;[39m
     [90m     |[39m                     [31m[1m^[22m[39m
     [90m 409 |[39m             res[33m.[39mstatusCode [33m=[39m [35m500[39m[33m;[39m
     [90m 410 |[39m             [36mreturn[39m res[33m.[39mjson({ error[33m:[39m [32m"Error interno del servidor"[39m })[33m;[39m
     [90m 411 |[39m         }[0m

      at AuthController.error [as changeUserRole] (src/controllers/auth.controller.js:408:21)
      at Object.<anonymous> (src/test/auth.controller.test.js:203:13)

node.exe : (node:20216) 
ExperimentalWarning: VM Modules is an 
experimental feature and might change at 
any time
En línea: 1 Carácter: 1
+ & "C:\Program Files\nodejs/node.exe" 
"C:\Program Files\nodejs/node_mo ...
+ ~~~~~~~~~~~~~~~~~~~~~~~~~~~~~~~~~~~~~~~~~
~~~~~~~~~~~~~~~~~~~~~~~~~~~~
    + CategoryInfo          : NotSpecified 
   : ((node:20216) Ex...nge at any time:S  
  tring) [], RemoteException
    + FullyQualifiedErrorId : NativeComman 
   dError
 
(Use `node --trace-warnings ...` to show 
where the warning was created)
FAIL src/test/auth.controller.test.js
  AuthController Tests (Complete)
    login
      ÔêÜ Debe devolver 400 si faltan 
credenciales (3 ms)
      ÔêÜ Debe devolver 200 y Token si 
todo es correcto (2 ms)
    register
      ÔêÜ Debe registrar usuario 
correctamente (2 ms)
      ÔêÜ Debe manejar error de Supabase 
Auth
    forgotPassword
      ÔêÜ Debe enviar correo de 
recuperaci├│n (1 ms)
      ÔêÜ Debe validar formato de email (1 
ms)
    resetPassword
      ÔêÜ Debe reestablecer contrase├▒a 
con token v├ílido (1 ms)
      ÔêÜ Debe fallar si token es 
inv├ílido (1 ms)
    getProfile
      ÔêÜ Debe devolver el perfil del 
usuario (1 ms)
    updateProfile
      ├ù Debe actualizar perfil (51 ms)
      ÔêÜ Debe fallar si no hay datos (2 
ms)
    changeUserRole
      ├ù Debe cambiar el rol si es admin y 
target v├ílido (4 ms)
      ÔêÜ Debe evitar auto-cambio de rol

  ÔùÅ AuthController Tests (Complete) ÔÇ║ 
updateProfile ÔÇ║ Debe actualizar perfil

    expect(received).toBe(expected) // 
Object.is equality

    Expected: 200
    Received: 500

    [0m [90m 181 |[39m             
[36mawait[39m [33mAuthController[39m[3
3m.[39mupdateProfile(req[33m,[39m 
res)[33m;[39m
     [90m 182 |[39m
    [31m[1m>[22m[39m[90m 183 |[39m   
          expect(res[33m.[39mstatusCode)
[33m.[39mtoBe([35m200[39m)[33m;[39m
     [90m     |[39m                      
              [31m[1m^[22m[39m
     [90m 184 |[39m         })[33m;[39m
     [90m 185 |[39m
     [90m 186 |[39m         
test([32m'Debe fallar si no hay 
datos'[39m[33m,[39m [36masync[39m () 
[33m=>[39m {[0m

      at Object.toBe 
(src/test/auth.controller.test.js:183:36)

  ÔùÅ AuthController Tests (Complete) ÔÇ║ 
changeUserRole ÔÇ║ Debe cambiar el rol si 
es admin y target v├ílido

    expect(received).toBe(expected) // 
Object.is equality

    Expected: 200
    Received: 500

    [0m [90m 203 |[39m             
[36mawait[39m [33mAuthController[39m[3
3m.[39mchangeUserRole(req[33m,[39m 
res)[33m;[39m
     [90m 204 |[39m
    [31m[1m>[22m[39m[90m 205 |[39m   
          expect(res[33m.[39mstatusCode)
[33m.[39mtoBe([35m200[39m)[33m;[39m
     [90m     |[39m                      
              [31m[1m^[22m[39m
     [90m 206 |[39m         })[33m;[39m
     [90m 207 |[39m
     [90m 208 |[39m         
test([32m'Debe evitar auto-cambio de 
rol'[39m[33m,[39m [36masync[39m () 
[33m=>[39m {[0m

      at Object.toBe 
(src/test/auth.controller.test.js:205:36)

Test Suites: 1 failed, 1 total
Tests:       2 failed, 11 passed, 13 total
Snapshots:   0 total
Time:        0.815 s, estimated 1 s
Ran all test suites matching 
src/test/auth.controller.test.js.
